[sudo] cxc 的密码： make all
make[1]: Entering directory '/home/cxc/MoEBench/byte-unixbench/UnixBench'
make distr
make[2]: Entering directory '/home/cxc/MoEBench/byte-unixbench/UnixBench'
Checking distribution of files
./pgms  exists
./src  exists
./testdir  exists
./tmp  exists
./results  exists
make[2]: Leaving directory '/home/cxc/MoEBench/byte-unixbench/UnixBench'
make programs
make[2]: Entering directory '/home/cxc/MoEBench/byte-unixbench/UnixBench'
make[2]: Nothing to be done for 'programs'.
make[2]: Leaving directory '/home/cxc/MoEBench/byte-unixbench/UnixBench'
make[1]: Leaving directory '/home/cxc/MoEBench/byte-unixbench/UnixBench'
locale: Cannot set LC_CTYPE to default locale: No such file or directory
locale: Cannot set LC_MESSAGES to default locale: No such file or directory
locale: Cannot set LC_ALL to default locale: No such file or directory
locale: Cannot set LC_CTYPE to default locale: No such file or directory
locale: Cannot set LC_MESSAGES to default locale: No such file or directory
locale: Cannot set LC_ALL to default locale: No such file or directory
sh: 1: 3dinfo: not found

   #    #  #    #  #  #    #          #####   ######  #    #   ####   #    #
   #    #  ##   #  #   #  #           #    #  #       ##   #  #    #  #    #
   #    #  # #  #  #    ##            #####   #####   # #  #  #       ######
   #    #  #  # #  #    ##            #    #  #       #  # #  #       #    #
   #    #  #   ##  #   #  #           #    #  #       #   ##  #    #  #    #
    ####   #    #  #  #    #          #####   ######  #    #   ####   #    #

   Version 6.0.0                      Based on the Byte Magazine Unix Benchmark

   Multi-CPU version                  Version 5 revisions by Ian Smith,
                                      Sunnyvale, CA, USA
   May 21, 2025                       johantheghost at yahoo period com

Wide character in print at /home/cxc/MoEBench/byte-unixbench/UnixBench/Run line 1811.
Wide character in printf at /home/cxc/MoEBench/byte-unixbench/UnixBench/Run line 1842.
------------------------------------------------------------------------------
   Use directories for:
      * File I/O tests (named fs***) = /home/cxc/MoEBench/byte-unixbench/UnixBench/tmp
      * Results                      = /home/cxc/MoEBench/byte-unixbench/UnixBench/results
------------------------------------------------------------------------------


1 x Dhrystone 2 using register variables  1 2 3 4 5 6 7 8 9 10

1 x Double-Precision Whetstone  1 2 3 4 5 6 7 8 9 10

1 x Execl Throughput  1 2 3

1 x File Copy 1024 bufsize 2000 maxblocks  1 2 3

1 x File Copy 256 bufsize 500 maxblocks  1 2 3

1 x File Copy 4096 bufsize 8000 maxblocks  1 2 3

1 x Pipe Throughput  1 2 3 4 5 6 7 8 9 10

1 x Pipe-based Context Switching  1 2 3 4 5 6 7 8 9 10

1 x Process Creation  1 2 3

1 x System Call Overhead  1 2 3 4 5 6 7 8 9 10

1 x Shell Scripts (1 concurrent)  1 2 3

1 x Shell Scripts (8 concurrent)  1 2 3Wide character in printf at /home/cxc/MoEBench/byte-unixbench/UnixBench/Run line 1742.


========================================================================
   BYTE UNIX Benchmarks (Version 6.0.0)

   System: aces-System-Product-Name: GNU/Linux
   OS: GNU/Linux -- 6.17.0-29-generic -- #29~24.04.1-Ubuntu SMP PREEMPT_DYNAMIC Mon May 11 10:30:58 UTC 2
   Machine: x86_64 (x86_64)
   Language: en_US.utf8 (charmap="ANSI_X3.4-1968", collate="ANSI_X3.4-1968")
   CPU 0: Intel(R) Core(TM) i9-14900K (6374.4 bogomips)
          Hyper-Threading, x86-64, MMX, Physical Address Ext, SYSENTER/SYSEXIT, SYSCALL/SYSRET, Intel virtualization
   CPU 1: Intel(R) Core(TM) i9-14900K (6374.4 bogomips)
          Hyper-Threading, x86-64, MMX, Physical Address Ext, SYSENTER/SYSEXIT, SYSCALL/SYSRET, Intel virtualization
   CPU 2: Intel(R) Core(TM) i9-14900K (6374.4 bogomips)
          Hyper-Threading, x86-64, MMX, Physical Address Ext, SYSENTER/SYSEXIT, SYSCALL/SYSRET, Intel virtualization
   CPU 3: Intel(R) Core(TM) i9-14900K (6374.4 bogomips)
          Hyper-Threading, x86-64, MMX, Physical Address Ext, SYSENTER/SYSEXIT, SYSCALL/SYSRET, Intel virtualization
   CPU 4: Intel(R) Core(TM) i9-14900K (6374.4 bogomips)
          Hyper-Threading, x86-64, MMX, Physical Address Ext, SYSENTER/SYSEXIT, SYSCALL/SYSRET, Intel virtualization
   CPU 5: Intel(R) Core(TM) i9-14900K (6374.4 bogomips)
          Hyper-Threading, x86-64, MMX, Physical Address Ext, SYSENTER/SYSEXIT, SYSCALL/SYSRET, Intel virtualization
   CPU 6: Intel(R) Core(TM) i9-14900K (6374.4 bogomips)
          Hyper-Threading, x86-64, MMX, Physical Address Ext, SYSENTER/SYSEXIT, SYSCALL/SYSRET, Intel virtualization
   CPU 7: Intel(R) Core(TM) i9-14900K (6374.4 bogomips)
          Hyper-Threading, x86-64, MMX, Physical Address Ext, SYSENTER/SYSEXIT, SYSCALL/SYSRET, Intel virtualization
   CPU 8: Intel(R) Core(TM) i9-14900K (6374.4 bogomips)
          Hyper-Threading, x86-64, MMX, Physical Address Ext, SYSENTER/SYSEXIT, SYSCALL/SYSRET, Intel virtualization
   CPU 9: Intel(R) Core(TM) i9-14900K (6374.4 bogomips)
          Hyper-Threading, x86-64, MMX, Physical Address Ext, SYSENTER/SYSEXIT, SYSCALL/SYSRET, Intel virtualization
   CPU 10: Intel(R) Core(TM) i9-14900K (6374.4 bogomips)
          Hyper-Threading, x86-64, MMX, Physical Address Ext, SYSENTER/SYSEXIT, SYSCALL/SYSRET, Intel virtualization
   CPU 11: Intel(R) Core(TM) i9-14900K (6374.4 bogomips)
          Hyper-Threading, x86-64, MMX, Physical Address Ext, SYSENTER/SYSEXIT, SYSCALL/SYSRET, Intel virtualization
   CPU 12: Intel(R) Core(TM) i9-14900K (6374.4 bogomips)
          Hyper-Threading, x86-64, MMX, Physical Address Ext, SYSENTER/SYSEXIT, SYSCALL/SYSRET, Intel virtualization
   CPU 13: Intel(R) Core(TM) i9-14900K (6374.4 bogomips)
          Hyper-Threading, x86-64, MMX, Physical Address Ext, SYSENTER/SYSEXIT, SYSCALL/SYSRET, Intel virtualization
   CPU 14: Intel(R) Core(TM) i9-14900K (6374.4 bogomips)
          Hyper-Threading, x86-64, MMX, Physical Address Ext, SYSENTER/SYSEXIT, SYSCALL/SYSRET, Intel virtualization
   CPU 15: Intel(R) Core(TM) i9-14900K (6374.4 bogomips)
          Hyper-Threading, x86-64, MMX, Physical Address Ext, SYSENTER/SYSEXIT, SYSCALL/SYSRET, Intel virtualization
   CPU 16: Intel(R) Core(TM) i9-14900K (6374.4 bogomips)
          Hyper-Threading, x86-64, MMX, Physical Address Ext, SYSENTER/SYSEXIT, SYSCALL/SYSRET, Intel virtualization
   CPU 17: Intel(R) Core(TM) i9-14900K (6374.4 bogomips)
          Hyper-Threading, x86-64, MMX, Physical Address Ext, SYSENTER/SYSEXIT, SYSCALL/SYSRET, Intel virtualization
   CPU 18: Intel(R) Core(TM) i9-14900K (6374.4 bogomips)
          Hyper-Threading, x86-64, MMX, Physical Address Ext, SYSENTER/SYSEXIT, SYSCALL/SYSRET, Intel virtualization
   CPU 19: Intel(R) Core(TM) i9-14900K (6374.4 bogomips)
          Hyper-Threading, x86-64, MMX, Physical Address Ext, SYSENTER/SYSEXIT, SYSCALL/SYSRET, Intel virtualization
   CPU 20: Intel(R) Core(TM) i9-14900K (6374.4 bogomips)
          Hyper-Threading, x86-64, MMX, Physical Address Ext, SYSENTER/SYSEXIT, SYSCALL/SYSRET, Intel virtualization
   CPU 21: Intel(R) Core(TM) i9-14900K (6374.4 bogomips)
          Hyper-Threading, x86-64, MMX, Physical Address Ext, SYSENTER/SYSEXIT, SYSCALL/SYSRET, Intel virtualization
   CPU 22: Intel(R) Core(TM) i9-14900K (6374.4 bogomips)
          Hyper-Threading, x86-64, MMX, Physical Address Ext, SYSENTER/SYSEXIT, SYSCALL/SYSRET, Intel virtualization
   CPU 23: Intel(R) Core(TM) i9-14900K (6374.4 bogomips)
          Hyper-Threading, x86-64, MMX, Physical Address Ext, SYSENTER/SYSEXIT, SYSCALL/SYSRET, Intel virtualization
   CPU 24: Intel(R) Core(TM) i9-14900K (6374.4 bogomips)
          Hyper-Threading, x86-64, MMX, Physical Address Ext, SYSENTER/SYSEXIT, SYSCALL/SYSRET, Intel virtualization
   CPU 25: Intel(R) Core(TM) i9-14900K (6374.4 bogomips)
          Hyper-Threading, x86-64, MMX, Physical Address Ext, SYSENTER/SYSEXIT, SYSCALL/SYSRET, Intel virtualization
   CPU 26: Intel(R) Core(TM) i9-14900K (6374.4 bogomips)
          Hyper-Threading, x86-64, MMX, Physical Address Ext, SYSENTER/SYSEXIT, SYSCALL/SYSRET, Intel virtualization
   CPU 27: Intel(R) Core(TM) i9-14900K (6374.4 bogomips)
          Hyper-Threading, x86-64, MMX, Physical Address Ext, SYSENTER/SYSEXIT, SYSCALL/SYSRET, Intel virtualization
   CPU 28: Intel(R) Core(TM) i9-14900K (6374.4 bogomips)
          Hyper-Threading, x86-64, MMX, Physical Address Ext, SYSENTER/SYSEXIT, SYSCALL/SYSRET, Intel virtualization
   CPU 29: Intel(R) Core(TM) i9-14900K (6374.4 bogomips)
          Hyper-Threading, x86-64, MMX, Physical Address Ext, SYSENTER/SYSEXIT, SYSCALL/SYSRET, Intel virtualization
   CPU 30: Intel(R) Core(TM) i9-14900K (6374.4 bogomips)
          Hyper-Threading, x86-64, MMX, Physical Address Ext, SYSENTER/SYSEXIT, SYSCALL/SYSRET, Intel virtualization
   CPU 31: Intel(R) Core(TM) i9-14900K (6374.4 bogomips)
          Hyper-Threading, x86-64, MMX, Physical Address Ext, SYSENTER/SYSEXIT, SYSCALL/SYSRET, Intel virtualization
   16:42:15 up 17 days,  3:44, 46 users,  load average: 0.39, 0.29, 0.39; runlevel May

------------------------------------------------------------------------
Benchmark Run: 四 6月 11 2026 16:42:15 - 17:10:40
32 CPUs in system; running 1 parallel copy of tests

Dhrystone 2 using register variables       88420705.3 lps   (10.0 s, 7 samples)
Double-Precision Whetstone                    13993.1 MWIPS (10.0 s, 7 samples)
Execl Throughput                               4037.8 lps   (30.0 s, 2 samples)
File Copy 1024 bufsize 2000 maxblocks       1584716.9 KBps  (30.0 s, 2 samples)
File Copy 256 bufsize 500 maxblocks          416622.0 KBps  (30.0 s, 2 samples)
File Copy 4096 bufsize 8000 maxblocks       4618900.3 KBps  (30.0 s, 2 samples)
Pipe Throughput                             4731824.1 lps   (10.0 s, 7 samples)
Pipe-based Context Switching                 381070.5 lps   (10.0 s, 7 samples)
Process Creation                              13682.9 lps   (30.0 s, 2 samples)
Shell Scripts (1 concurrent)                  15985.5 lpm   (60.0 s, 2 samples)
Shell Scripts (8 concurrent)                  12913.2 lpm   (60.0 s, 2 samples)
System Call Overhead                        3557788.9 lps   (10.0 s, 7 samples)

System Benchmarks Index Values               BASELINE       RESULT    INDEX
Dhrystone 2 using register variables         116700.0   88420705.3   7576.8
Double-Precision Whetstone                       55.0      13993.1   2544.2
Execl Throughput                                 43.0       4037.8    939.0
File Copy 1024 bufsize 2000 maxblocks          3960.0    1584716.9   4001.8
File Copy 256 bufsize 500 maxblocks            1655.0     416622.0   2517.4
File Copy 4096 bufsize 8000 maxblocks          5800.0    4618900.3   7963.6
Pipe Throughput                               12440.0    4731824.1   3803.7
Pipe-based Context Switching                   4000.0     381070.5    952.7
Process Creation                                126.0      13682.9   1085.9
Shell Scripts (1 concurrent)                     42.4      15985.5   3770.2
Shell Scripts (8 concurrent)                      6.0      12913.2  21522.0
System Call Overhead                          15000.0    3557788.9   2371.9
                                                                   ========
System Benchmarks Index Score                                        3187.4

Wrote /home/cxc/MoEBench/dataset/experiments/aces-System-Product-Name/tuned_sysctl_unixbench_20260611.json
